// Jest Snapshot v1, https://goo.gl/fbAQLP

exports[`Should render button component 1`] = `<styled.button />`;
